[ 1335.788815] [<c0283a98>] (ksys_ioctl) from [<c0283ad4>] (sys_ioctl+0x18/0x1c)
[ 1335.795924] [<c0283ad4>] (sys_ioctl) from [<c0101000>] (ret_fast_syscall+0x0/0x54)
[ 1335.803458] Exception stack(0xee187fa8 to 0xee187ff0)
[ 1335.808489] 7fa0:                   bef90864 00000000 00000003 50047101 b6a70008 bef90858
[ 1335.816632] 7fc0: bef90864 00000000 00000000 00000036 00000000 00000000 b6f6d000 00000000
[ 1335.824773] 7fe0: 0002202c bef90844 00010d7d b6ee6df6
[ 1335.829808] Code: e2422008 e5922000 e592a020 e08aa10c (e59ac000) 
[ 1335.835947] ---[ end trace 590606d347778c0e ]---
[ 1356.659309] Unable to handle kernel paging request at virtual address f0be3b3c
[ 1356.666526] pgd = c4fede36
[ 1356.669223] [f0be3b3c] *pgd=2e0db811, *pte=00000000, *ppte=00000000
[ 1356.675498] Internal error: Oops: 7 [#11] SMP ARM
[ 1356.680182] Modules linked in: display_driver(O) [last unloaded: display_driver]
[ 1356.687558] CPU: 0 PID: 2492 Comm: display Tainted: G      D    O      4.19.0 #5
[ 1356.694919] Hardware name: Altera SOCFPGA
[ 1356.698919] PC is at vga_ball_ioctl.part.0+0x238/0x3b0 [display_driver]
[ 1356.705512] LR is at arm_heavy_mb+0x2c/0x48
[ 1356.709677] pc : [<bf0092d0>]    lr : [<c0119db8>]    psr: 80070013
[ 1356.715915] sp : ee186e60  ip : 00008ecf  fp : ee187ec4
[ 1356.721117] r10: f0be3b3c  r9 : 000000e4  r8 : 00000271
[ 1356.726318] r7 : 00000280  r6 : 00000299  r5 : 00000240  r4 : 00000279
[ 1356.732815] r3 : 00000279  r2 : bf00b300  r1 : 00008e80  r0 : ee186e84
[ 1356.739313] Flags: Nzcv  IRQs on  FIQs on  Mode SVC_32  ISA ARM  Segment none
[ 1356.746416] Control: 10c5387d  Table: 2d40c04a  DAC: 00000051
[ 1356.752138] Process display (pid: 2492, stack limit = 0x9a997852)
[ 1356.758204] Stack: (0xee186e60 to 0xee188000)
[ 1356.762547] 6e60: c0d03c48 00000064 00000000 ee186e90 000000fc 00000267 000000f0 bf00b300
[ 1356.770690] 6e80: ffffffd0 000004ff 00008e80 00000000 00f00280 00000019 01250197 00010019
[ 1356.778834] 6ea0: 01300171 00020019 00ed03ef 00030019 00c50381 00040019 008e01ff 00050019
[ 1356.786977] 6ec0: 017702dc 00060019 00b4039f 00070019 0138016d 00080019 015a0378 00090019
[ 1356.795119] 6ee0: 010302a8 000a0019 00a6021b 000b0019 014202e0 000c0019 0124039e 000d0019
[ 1356.803262] 6f00: 00cc0216 000e0019 00ef030c 000f0019 013202cc 00100019 00870251 00110019
[ 1356.811404] 6f20: 01010365 00120019 00e00146 00130019 01680349 00140019 007e0342 00150019
[ 1356.819547] 6f40: 00a7024e 00160019 0138023a 00170019 00cd02af 00180019 015d037c 00190019
[ 1356.827690] 6f60: 01080358 001a0019 01250136 001b0019 00860312 001c0019 012a025b 001d0019
[ 1356.835833] 6f80: 00bc033f 001e0019 00d1044b 001f0019 00e20253 00200019 012002c6 00210019
[ 1356.843975] 6fa0: 010602bd 00220019 008f02b0 00230019 012f0354 00240019 00c10259 00250019
[ 1356.852118] 6fc0: 00f2038c 00260019 006f031d 00270019 0108026c 00280019 010001dc 00290019
[ 1356.860261] 6fe0: 013a0270 002a0019 0119020c 002b0019 010202ab 002c0019 017202ba 002d0019
[ 1356.868405] 7000: 007901e6 002e0019 00e90186 002f0019 00aa02de 00300019 016f0365 00310019
[ 1356.876547] 7020: 012000fc 00320019 008401fa 00330019 009502cf 00340019 009b02a4 00350019
[ 1356.884689] 7040: 012301bf 00360019 014e03b2 00370019 00c20242 00380019 00fc02e6 00390019
[ 1356.892831] 7060: 0145021a 003a0019 011a0323 003b0019 018102ce 003c0019 00750214 003d0019
[ 1356.900974] 7080: 00da02d2 003e0019 00d701c3 003f0019 009b032e 00400019 01280142 00410019
[ 1356.909116] 70a0: 013b03ab 00420019 00a202f7 00430019 008d0318 00440019 009d01da 00450019
[ 1356.917258] 70c0: 00e002aa 00460019 00d302e9 00470019 00e502b1 00480019 01180196 00490019
[ 1356.925401] 70e0: 010b012f 004a0019 01310265 004b0019 013b0211 004c0019 009401ef 004d0019
[ 1356.933543] 7100: 00c50418 004e0019 01480392 004f0019 010203ae 00500019 00a1013d 00510019
[ 1356.941685] 7120: 007e0154 00520019 00f702f9 00530019 00cb026b 00540019 00970281 00550019
[ 1356.949828] 7140: 00db0283 00560019 014e031f 00570019 00d0027e 00580019 00df024f 00590019
[ 1356.957970] 7160: 010b0282 005a0019 00eb0381 005b0019 0173029b 005c0019 01100255 005d0019
[ 1356.966112] 7180: 01480342 005e0019 00840391 005f0019 00c40412 00600019 00c202b4 00610019
[ 1356.974254] 71a0: 0106015d 00620019 0167022e 00630019 00000000 00000000 00000000 00000000
[ 1356.982396] 71c0: 00000000 00000000 00000000 00000000 00000000 00000000 00000000 00000000
[ 1356.990537] 71e0: 00000000 00000000 00000000 00000000 00000000 00000000 00000000 00000000
[ 1356.998679] 7200: 00000000 00000000 00000000 00000000 00000000 00000000 00000000 00000000
[ 1357.006821] 7220: 00000000 00000000 00000000 00000000 00000000 00000000 00000000 00000000
[ 1357.014963] 7240: 00000000 00000000 00000000 00000000 00000000 00000000 00000000 00000000
[ 1357.023105] 7260: 00000000 00000000 00000000 00000000 00000000 00000000 00000000 00000000
[ 1357.031246] 7280: 00000000 00000000 00000000 00000000 00000000 00000000 00000000 00000000
[ 1357.039388] 72a0: 00000000 00000000 00000000 00000000 00000000 00000000 00000000 00000000
[ 1357.047530] 72c0: 00000000 00000000 00000000 00000000 00000000 00000000 00000000 00000000
[ 1357.055672] 72e0: 00000000 00000000 00000000 00000000 00000000 00000000 00000000 00000000
[ 1357.063813] 7300: 00000000 00000000 00000000 00000000 00000000 00000000 00000000 00000000
[ 1357.071954] 7320: 00000000 00000000 00000000 00000000 00000000 00000000 00000000 00000000
[ 1357.080096] 7340: 00000000 00000000 00000000 00000000 00000000 00000000 00000000 00000000
[ 1357.088239] 7360: 00000000 00000000 00000000 00000000 00000000 00000000 00000000 00000000
[ 1357.096381] 7380: 00000000 00000000 00000000 00000000 00000000 00000000 00000000 00000000
[ 1357.104522] 73a0: 00000000 00000000 00000000 00000000 00000000 00000000 00000000 00000000
[ 1357.112665] 73c0: 00000000 00000000 00000000 00000000 00000000 00000000 00000000 00000000
[ 1357.120807] 73e0: 00000000 00000000 00000000 00000000 00000000 00000000 00000000 00000000
[ 1357.128949] 7400: 00000000 00000000 00000000 00000000 00000000 00000000 00000000 00000000
[ 1357.137090] 7420: 00000000 00000000 00000000 00000000 00000000 00000000 00000000 00000000
[ 1357.145233] 7440: 00000000 00000000 00000000 00000000 00000000 00000000 00000000 00000000
[ 1357.153374] 7460: 00000000 00000000 00000000 00000000 00000000 00000000 00000000 00000000
[ 1357.161517] 7480: 00000000 00000000 00000000 00000000 00000000 00000000 00000000 00000000
[ 1357.169659] 74a0: 00000000 00000000 00000000 00000000 00000000 00000000 00000000 00000000
[ 1357.177801] 74c0: 00000000 00000000 00000000 00000000 00000000 00000000 00000000 00000000
[ 1357.185943] 74e0: 00000000 00000000 00000000 00000000 00000000 00000000 00000000 00000000
[ 1357.194085] 7500: 00000000 00000000 00000000 00000000 00000000 00000000 00000000 00000000
[ 1357.202227] 7520: 00000000 00000000 00000000 00000000 00000000 00000000 00000000 00000000
[ 1357.210369] 7540: 00000000 00000000 00000000 00000000 00000000 00000000 00000000 00000000
[ 1357.218510] 7560: 00000000 00000000 00000000 00000000 00000000 00000000 00000000 00000000
[ 1357.226651] 7580: 00000000 00000000 00000000 00000000 00000000 00000000 00000000 00000000
[ 1357.234793] 75a0: 00000000 00000000 00000000 00000000 00000000 00000000 00000000 00000000
[ 1357.242935] 75c0: 00000000 00000000 00000000 00000000 00000000 00000000 00000000 00000000
[ 1357.251077] 75e0: 00000000 00000000 00000000 00000000 00000000 00000000 00000000 00000000
[ 1357.259218] 7600: 00000000 00000000 00000000 00000000 00000000 00000000 00000000 00000000
[ 1357.267360] 7620: 00000000 00000000 00000000 00000000 00000000 00000000 00000000 00000000
[ 1357.275501] 7640: 00000000 00000000 00000000 00000000 00000000 00000000 00000000 00000000
[ 1357.283643] 7660: 00000000 00000000 00000000 00000000 00000000 00000000 00000000 00000000
[ 1357.291784] 7680: 00000000 00000000 00000000 00000000 00000000 00000000 00000000 00000000
[ 1357.299926] 76a0: 00000000 00000000 00000000 00000000 00000000 00000000 00000000 00000000
[ 1357.308067] 76c0: 00000000 00000000 00000000 00000000 00000000 00000000 00000000 00000000
[ 1357.316210] 76e0: 00000000 00000000 00000000 00000000 00000000 00000000 00000000 00000000
[ 1357.324351] 7700: 00000000 00000000 00000000 00000000 00000000 00000000 00000000 00000000
[ 1357.332492] 7720: 00000000 00000000 00000000 00000000 00000000 00000000 00000000 00000000
[ 1357.340634] 7740: 00000000 00000000 00000000 00000000 00000000 00000000 00000000 00000000
[ 1357.348776] 7760: 00000000 00000000 00000000 00000000 00000000 00000000 00000000 00000000
[ 1357.356919] 7780: 00000000 00000000 00000000 00000000 00000000 00000000 00000000 00000000
[ 1357.365061] 77a0: 00000000 00000000 00000000 00000000 00000000 00000000 00000000 00000000
[ 1357.373204] 77c0: 00000000 00000000 00000000 00000000 00000000 00000000 00000000 00000000
[ 1357.381345] 77e0: 00000000 00000000 00000000 00000000 00000000 00000000 00000000 00000000
[ 1357.389487] 7800: 00000000 00000000 00000000 00000000 00000000 00000000 00000000 00000000
[ 1357.397628] 7820: 00000000 00000000 00000000 00000000 00000000 00000000 00000000 00000000
[ 1357.405771] 7840: 00000000 00000000 00000000 00000000 00000000 00000000 00000000 00000000
[ 1357.413913] 7860: 00000000 00000000 00000000 00000000 00000000 00000000 00000000 00000000
[ 1357.422055] 7880: 00000000 00000000 00000000 00000000 00000000 00000000 00000000 00000000
[ 1357.430198] 78a0: 00000000 00000000 00000000 00000000 00000000 00000000 00000000 00000000
[ 1357.438340] 78c0: 00000000 00000000 00000000 00000000 00000000 00000000 00000000 00000000
[ 1357.446481] 78e0: 00000000 00000000 00000000 00000000 00000000 00000000 00000000 00000000
[ 1357.454622] 7900: 00000000 00000000 00000000 00000000 00000000 00000000 00000000 00000000
[ 1357.462764] 7920: 00000000 00000000 00000000 00000000 00000000 00000000 00000000 00000000
[ 1357.470906] 7940: 00000000 00000000 00000000 00000000 00000000 00000000 00000000 00000000
[ 1357.479048] 7960: 00000000 00000000 00000000 00000000 00000000 00000000 00000000 00000000
[ 1357.487189] 7980: 00000000 00000000 00000000 00000000 00000000 00000000 00000000 00000000
[ 1357.495331] 79a0: 00000000 00000000 00000000 00000000 00000000 00000000 00000000 00000000
[ 1357.503472] 79c0: 00000000 00000000 00000000 00000000 00000000 00000000 00000000 00000000
[ 1357.511615] 79e0: 00000000 00000000 00000000 00000000 00000000 00000000 00000000 00000000
[ 1357.519756] 7a00: 00000000 00000000 00000000 00000000 00000000 00000000 00000000 00000000
[ 1357.527898] 7a20: 00000000 00000000 00000000 00000000 00000000 00000000 00000000 00000000
[ 1357.536040] 7a40: 00000000 00000000 00000000 00000000 00000000 00000000 00000000 00000000
[ 1357.544182] 7a60: 00000000 00000000 00000000 00000000 00000000 00000000 00000000 00000000
[ 1357.552323] 7a80: 00000000 00000000 00000000 00000000 00000000 00000000 00000000 00000000
[ 1357.560466] 7aa0: 00000000 00000000 00000000 00000000 00000000 00000000 00000000 00000000
[ 1357.568607] 7ac0: 00000000 00000000 00000000 00000000 00000000 00000000 00000000 00000000
[ 1357.576748] 7ae0: 00000000 00000000 00000000 00000000 00000000 00000000 00000000 00000000
[ 1357.584890] 7b00: 00000000 00000000 00000000 00000000 00000000 00000000 00000000 00000000
[ 1357.593031] 7b20: 00000000 00000000 00000000 00000000 00000000 00000000 00000000 00000000
[ 1357.601173] 7b40: 00000000 00000000 00000000 00000000 00000000 00000000 00000000 00000000
[ 1357.609314] 7b60: 00000000 00000000 00000000 00000000 00000000 00000000 00000000 00000000
[ 1357.617455] 7b80: 00000000 00000000 00000000 00000000 00000000 00000000 00000000 00000000
[ 1357.625597] 7ba0: 00000000 00000000 00000000 00000000 00000000 00000000 00000000 00000000
[ 1357.633739] 7bc0: 00000000 00000000 00000000 00000000 00000000 00000000 00000000 00000000
[ 1357.641881] 7be0: 00000000 00000000 00000000 00000000 00000000 00000000 00000000 00000000
[ 1357.650023] 7c00: 00000000 00000000 00000000 00000000 00000000 00000000 00000000 00000000
[ 1357.658165] 7c20: 00000000 00000000 00000000 00000000 00000000 00000000 00000000 00000000
[ 1357.666306] 7c40: 00000000 00000000 00000000 00000000 00000000 00000000 00000000 00000000
[ 1357.674448] 7c60: 00000000 00000000 00000000 00000000 00000000 00000000 00000000 00000000
[ 1357.682589] 7c80: 00000000 00000000 00000000 00000000 00000000 00000000 00000000 00000000
[ 1357.690732] 7ca0: 00000000 00000000 00000000 00000000 00000000 00000000 00000000 00000000
[ 1357.698874] 7cc0: 00000000 00000000 00000000 00000000 00000000 00000000 00000000 00000000
[ 1357.707015] 7ce0: 00000000 00000000 00000000 00000000 00000000 00000000 00000000 00000000
[ 1357.715157] 7d00: 00000000 00000000 00000000 00000000 00000000 00000000 00000000 00000000
[ 1357.723299] 7d20: 00000000 00000000 00000000 00000000 00000000 00000000 00000000 00000000
[ 1357.731440] 7d40: 00000000 00000000 00000000 00000000 00000000 00000000 00000000 00000000
[ 1357.739582] 7d60: 00000000 00000000 00000000 00000000 00000000 00000000 00000000 00000000
[ 1357.747723] 7d80: 00000000 00000000 00000000 00000000 00000000 00000000 00000000 00000000
[ 1357.755865] 7da0: 00000000 00000000 00000000 00000000 00000000 00000000 00000000 00000000
[ 1357.764007] 7dc0: 00000000 00000000 00000000 00000000 00000000 00000000 00000000 00000000
[ 1357.772148] 7de0: 00000000 00000000 00000000 00000000 00000000 00000000 00000000 00000000
[ 1357.780291] 7e00: 00000000 00000000 00000000 00000000 00000000 00000000 00000000 00000000
[ 1357.788433] 7e20: 00000000 00000000 00000000 00000000 00000000 00000000 00000000 00000000
[ 1357.796574] 7e40: 00000000 00000000 00000000 00000000 00000000 00000000 00000000 00000000
[ 1357.804716] 7e60: 00000000 00000000 00000000 00000000 00000000 00000000 00000000 00000000
[ 1357.812858] 7e80: 00000000 00000000 00000000 00000000 00000064 2a6bd482 c015aac0 c0d03c48
[ 1357.821001] 7ea0: b6a9a008 ee113180 50047101 ee232ed0 00000003 00000036 ee187ed4 ee187ec8
[ 1357.829144] 7ec0: bf009480 bf0090a4 ee187f6c ee187ed8 c0283218 bf009454 ee014018 ef358b80
[ 1357.837286] 7ee0: 00000402 ef1133c0 c0101204 ef358b80 ef7d1380 ef3585c0 00000000 c0101204
[ 1357.845430] 7f00: eebfd880 c0902340 ee187f74 ee187f18 c08007dc c014e964 ee187f54 ee187f28
[ 1357.853573] 7f20: c026f364 c02b723c 00000000 00000000 2eb49000 c0c88380 c0800d08 2a6bd482
[ 1357.861716] 7f40: 00000000 ee113180 ee113180 00000003 50047101 b6a9a008 ee186000 00000036
[ 1357.869858] 7f60: ee187f94 ee187f70 c0283a98 c0283164 bea69864 00000000 00000000 00000036
[ 1357.878000] 7f80: c0101204 ee186000 ee187fa4 ee187f98 c0283ad4 c0283a60 00000000 ee187fa8
[ 1357.886143] 7fa0: c0101000 c0283ac8 bea69864 00000000 00000003 50047101 b6a9a008 bea69858
[ 1357.894285] 7fc0: bea69864 00000000 00000000 00000036 00000000 00000000 b6f97000 00000000
[ 1357.902428] 7fe0: 0002202c bea69844 00010d7d b6f10df6 20070030 00000003 00000000 00000000
[ 1357.910580] [<bf0092d0>] (vga_ball_ioctl.part.0 [display_driver]) from [<bf009480>] (vga_ball_ioctl+0x38/0x60 [display_driver])
[ 1357.922018] [<bf009480>] (vga_ball_ioctl [display_driver]) from [<c0283218>] (do_vfs_ioctl+0xc0/0x8fc)
[ 1357.931289] [<c0283218>] (do_vfs_ioctl) from [<c0283a98>] (ksys_ioctl+0x44/0x68)
[ 1357.938657] [<c0283a98>] (ksys_ioctl) from [<c0283ad4>] (sys_ioctl+0x18/0x1c)
[ 1357.945767] [<c0283ad4>] (sys_ioctl) from [<c0101000>] (ret_fast_syscall+0x0/0x54)
[ 1357.953301] Exception stack(0xee187fa8 to 0xee187ff0)
[ 1357.958332] 7fa0:                   bea69864 00000000 00000003 50047101 b6a9a008 bea69858
[ 1357.966475] 7fc0: bea69864 00000000 00000000 00000036 00000000 00000000 b6f97000 00000000
[ 1357.974615] 7fe0: 0002202c bea69844 00010d7d b6f10df6
[ 1357.979649] Code: e2422008 e5922000 e592a020 e08aa10c (e59ac000) 
[ 1357.985779] ---[ end trace 590606d347778c0f ]---
